// Jest Snapshot v1, https://goo.gl/fbAQLP

exports[`VStateSelect component initialization should render component and match snapshot 1`] = `
<div class="v-input theme--light v-text-field v-select v-autocomplete v-state-select">
  <div class="v-input__control">
    <div role="combobox"
         aria-haspopup="listbox"
         aria-expanded="false"
         aria-owns="list-1"
         class="v-input__slot"
    >
      <div class="v-select__slot">
        <input id="input-1"
               type="text"
               autocomplete="off"
        >
        <div class="v-input__append-inner">
          <div class="v-input__icon v-input__icon--append">
            <i aria-hidden="true"
               class="v-icon notranslate material-icons theme--light"
            >
              $dropdown
            </i>
          </div>
        </div>
        <input type="hidden">
      </div>
      <div class="v-menu"
           offsety="true"
      >
      </div>
    </div>
    <div class="v-text-field__details">
      <div class="v-messages theme--light">
        <transition-group-stub tag="div"
                               name="message-transition"
                               class="v-messages__wrapper"
        >
        </transition-group-stub>
      </div>
    </div>
  </div>
</div>
`;
